ets Jul 29 2019 12:21:46

rst:0x1 (POWERON_RESET),boot:0x12 (SPI_FAST_FLASH_BOOT)
configsip: 0, SPIWP:0xee
clk_drv:0x00,q_drv:0x00,d_drv:0x00,cs0_drv:0x00,hd_drv:0x00,wp_drv:0x00
mode:DIO, clock div:2
load:0x3fff0030,len:6608
load:0x40078000,len:14788
ho 0 tail 12 room 4
load:0x40080400,len:3792
entry 0x40080694
[0;32mI (1111) boot: ESP-IDF v4.4.1 2nd stage bootloader[0m
[0;32mI (1116) boot: compile time 13:05:59[0m
[0;32mI (1178) boot: chip revision: 0[0m
[0;32mI (1184) boot.esp32: SPI Speed      : 40MHz[0m
[0;32mI (1185) boot.esp32: SPI Mode       : DIO[0m
[0;32mI (1185) boot.esp32: SPI Flash Size : 2MB[0m
[0;32mI (1247) boot: Enabling RNG early entropy source...[0m
[0;32mI (1318) boot: Partition Table:[0m
[0;32mI (1322) boot: ## Label            Usage          Type ST Offset   Length[0m
[0;32mI (1323) boot:  0 nvs              WiFi data        01 02 00009000 00006000[0m
[0;32mI (1324) boot:  1 phy_init         RF data          01 01 0000f000 00001000[0m
[0;32mI (1324) boot:  2 factory          factory app      00 00 00010000 00100000[0m
[0;32mI (1325) boot:  3 storage          Unknown data     01 82 00110000 000f0000[0m
[0;32mI (1423) boot: End of partition table[0m
[0;32mI (1521) esp_image: segment 0: paddr=00010020 vaddr=3f400020 size=15674h ( 87668) map[0m
[0;32mI (1744) esp_image: segment 1: paddr=0002569c vaddr=3ffb0000 size=024d8h (  9432) load[0m
[0;32mI (1908) esp_image: segment 2: paddr=00027b7c vaddr=40080000 size=0849ch ( 33948) load[0m
[0;32mI (2083) esp_image: segment 3: paddr=00030020 vaddr=400d0020 size=50f08h (331528) map[0m
[0;32mI (2340) esp_image: segment 4: paddr=00080f30 vaddr=4008849c size=05268h ( 21096) load[0m
[0;32mI (2541) esp_image: segment 5: paddr=000861a0 vaddr=400c0000 size=00064h (   100) load[0m
[0;32mI (2775) esp_image: segment 6: paddr=0008620c vaddr=50000000 size=00010h (    16) load[0m
[0;32mI (2977) boot: Loaded app from partition at offset 0x10000[0m
[0;32mI (2979) boot: Disabling RNG early entropy source...[0m
[0;32mI (3055) cpu_start: Pro cpu up.[0m
[0;32mI (3062) cpu_start: Starting app cpu, entry point is 0x400812fc[0m
[0;32mI (2574) cpu_start: App cpu up.[0m
[0;32mI (3156) cpu_start: Pro cpu start user code[0m
[0;32mI (3160) cpu_start: cpu freq: 160000000[0m
[0;32mI (3160) cpu_start: Application information:[0m
[0;32mI (3160) cpu_start: Project name:     ssh-client[0m
[0;32mI (3160) cpu_start: App version:      26d2407-dirty[0m
[0;32mI (3161) cpu_start: Compile time:     Jan 16 2023 13:54:00[0m
[0;32mI (3161) cpu_start: ELF file SHA256:  3599e90e49ab0b92...[0m
[0;32mI (3162) cpu_start: ESP-IDF:          v4.4.1[0m
[0;32mI (3165) heap_init: Initializing. RAM available for dynamic allocation:[0m
[0;32mI (3169) heap_init: At 3FFAE6E0 len 00001920 (6 KiB): DRAM[0m
[0;32mI (3169) heap_init: At 3FFB3E20 len 0002C1E0 (176 KiB): DRAM[0m
[0;32mI (3169) heap_init: At 3FFE0440 len 00003AE0 (14 KiB): D/IRAM[0m
[0;32mI (3169) heap_init: At 3FFE4350 len 0001BCB0 (111 KiB): D/IRAM[0m
[0;32mI (3170) heap_init: At 4008D704 len 000128FC (74 KiB): IRAM[0m
[0;32mI (3214) spi_flash: detected chip: gd[0m
[0;32mI (3230) spi_flash: flash io: dio[0m
[0;33mW (3239) spi_flash: Detected size(4096k) larger than the size in the binary image header(2048k). Using the size in the binary image header.[0m
[0;32mI (3255) cpu_start: Starting scheduler on PRO CPU.[0m
[0;32mI (0) cpu_start: Starting scheduler on APP CPU.[0m
[0;32mI (3294) main: Main loop![0m
[0;32mI (3294) example: Command history disabled[0m
[0;32mI (3304) BTN-PAD-H: Button pad enters![0m
[0;32mI (3314) gpio: GPIO[25]| InputEn: 1| OutputEn: 0| OpenDrain: 0| Pullup: 0| Pulldown: 1| Intr:3 [0m
[0;32mI (3314) gpio: GPIO[27]| InputEn: 1| OutputEn: 0| OpenDrain: 0| Pullup: 0| Pulldown: 1| Intr:3 [0m
[0;32mI (3314) BTN-GPIO: Creating button pad event queue[0m
[0;32mI (3344) BTN-PAD-H: Button pad setup status: 'ESP_OK'[0m

This is an example of ESP-IDF console component.
Type 'help' to get the list of commands.
Use UP/DOWN arrows to navigate through command history.
Press TAB when typing command name to auto-complete.
Press Enter or Ctrl+C will terminate the console environment.
[5n
Your terminal application does not support escape sequences.
Line editing and history features are disabled.
On Windows, try using Putty instead.
esp32> [0;32mI (3804) main: Main loop![0m
[0;32mI (4304) main: Main loop![0m
[0;32mI (4804) main: Main loop![0m
[0;32mI (5304) main: Main loop![0m
[0;32mI (5804) main: Main loop![0m
[0;32mI (6304) main: Main loop![0m
[0;32mI (6804) main: Main loop![0m
[0;32mI (7304) main: Main loop![0m
[0;32mI (7804) main: Main loop![0m
[0;32mI (8304) main: Main loop![0m
[0;32mI (8804) main: Main loop![0m
[0;32mI (9304) main: Main loop![0m
[0;32mI (9804) main: Main loop![0m
[0;32mI (10304) main: Main loop![0m
[0;32mI (10804) main: Main loop![0m
[0;32mI (11304) main: Main loop![0m
